.. _plugins_index:

List of Third-Party Plugins
===========================

============================================ ============================= ========= ============================================================================================= ============================================================================================= ===================
                    Name                                Author             Downloads                                          Python 2.7                                                                                    Python 3.3                                                 Summary      
============================================ ============================= ========= ============================================================================================= ============================================================================================= ===================
 `pytest-plugin1-1.0 <http://plugin1/1.0>`_   `someone <someone@py.com>`_      4      .. image:: http://pytest-plugs.herokuapp.com/status/pytest-plugin1-1.0?py=py27&pytest=2.5.0   .. image:: http://pytest-plugs.herokuapp.com/status/pytest-plugin1-1.0?py=py33&pytest=2.5.0      some plugin    
 `pytest-plugin2-1.2 <http://plugin2/1.2>`_     `other <other@py.com>`_       40      .. image:: http://pytest-plugs.herokuapp.com/status/pytest-plugin2-1.2?py=py27&pytest=2.5.0   .. image:: http://pytest-plugs.herokuapp.com/status/pytest-plugin2-1.2?py=py33&pytest=2.5.0   some other plugin 

============================================ ============================= ========= ============================================================================================= ============================================================================================= ===================

*(Downloads are given from last month only)*

*(Updated on 2013-10-20)*
